// Jest Snapshot v1, https://goo.gl/fbAQLP

exports[`Menu renders correctly 1`] = `
<nav>
  <ul>
    <li>
      <a
        href="/"
      >
        Articles
      </a>
    </li>
    <li>
      <a
        href="/pages/about"
      >
        About Me
      </a>
    </li>
    <li>
      <a
        href="/pages/contacts"
      >
        Contact Me
      </a>
    </li>
    <li>
      <a
        href="https://handbook.hung.dev"
        rel="noopener noreferrer"
        target="_blank"
      >
        Handbook
      </a>
    </li>
    <li>
      <a
        href="https://huwng.wordpress.com/"
        rel="noopener noreferrer"
        target="_blank"
      >
        Wordpress Blog
      </a>
    </li>
  </ul>
  <div
    id="mc_embed_signup"
  >
    <form
      className="validate"
      id="mc-embedded-subscribe-form"
      name="mc-embedded-subscribe-form"
      noValidate={true}
      onSubmit={[Function]}
      target="_blank"
    >
      <div
        id="mc_embed_signup_scroll"
      >
        <h3>
          Subscribe
        </h3>
        <div
          className="mc-field-group"
        >
          <label
            htmlFor="mce-EMAIL"
          >
            Your Email:
          </label>
          <input
            className="required email"
            id="mce-EMAIL"
            name="EMAIL"
            onChange={[Function]}
            type="email"
            value=""
          />
        </div>
        <div
          className="clear"
        >
          <button
            className="button"
            disabled={false}
            type="submit"
          >
             
            Subscribe
          </button>
        </div>
      </div>
    </form>
  </div>
</nav>
`;
