// Jest Snapshot v1, https://goo.gl/fbAQLP

exports[`Menu renders correctly 1`] = `
<nav
  className="menu"
>
  <ul
    className="menu__list"
  >
    <li
      className="menu__list-item"
    >
      <a
        className="menu__list-item-link"
        href="/#0/"
      >
        Item 0
      </a>
    </li>
    <li
      className="menu__list-item"
    >
      <a
        className="menu__list-item-link"
        href="/#1/"
      >
        Item 1
      </a>
    </li>
    <a
      className="menu__list-item-link"
      href="https://huwng.wordpress.com/"
      rel="noopener noreferrer"
      target="_blank"
    >
      Wordpress Blog
    </a>
    <div
      id="mc_embed_signup"
    >
      <form
        className="validate"
        id="mc-embedded-subscribe-form"
        name="mc-embedded-subscribe-form"
        noValidate={true}
        onSubmit={[Function]}
        target="_blank"
      >
        <div
          id="mc_embed_signup_scroll"
        >
          <h3>
            Subscribe
          </h3>
          <div
            className="mc-field-group"
          >
            <label
              htmlFor="mce-EMAIL"
            >
              Your Email:
            </label>
            <input
              className="required email"
              id="mce-EMAIL"
              name="EMAIL"
              onChange={[Function]}
              type="email"
              value=""
            />
          </div>
          <div
            className="clear"
          >
            <button
              className="button"
              disabled={false}
              type="submit"
            >
               Subscribe
            </button>
          </div>
        </div>
      </form>
    </div>
  </ul>
</nav>
`;
